Registration error: Error: User validation failed: password: Path `password` (`1234`, length 4) is shorter than the minimum allowed length (6).
    at ValidationError.inspect (D:\SIH\guidance-platform\backend\node_modules\mongoose\lib\error\validation.js:52:26)
    at formatValue (node:internal/util/inspect:814:19)
    at inspect (node:internal/util/inspect:373:10)
    at formatWithOptionsInternal (node:internal/util/inspect:2315:40)
    at formatWithOptions (node:internal/util/inspect:2177:10)
    at console.value (node:internal/console/constructor:338:14)
    at console.warn (node:internal/console/constructor:379:61)
    at registerUser (D:\SIH\guidance-platform\backend\src\controllers\userController.js:87:13)
    at process.processTicksAndRejections (node:internal/process/task_queues:105:5) {
  errors: {
    password: ValidatorError: Path `password` (`1234`, length 4) is shorter than the minimum allowed length (6).
        at validate (D:\SIH\guidance-platform\backend\node_modules\mongoose\lib\schemaType.js:1413:13)
        at SchemaType.doValidate (D:\SIH\guidance-platform\backend\node_modules\mongoose\lib\schemaType.js:1397:7)
        at D:\SIH\guidance-platform\backend\node_modules\mongoose\lib\document.js:3111:18
        at process.processTicksAndRejections (node:internal/process/task_queues:85:11) {
      properties: [Object],
      kind: 'minlength',
      path: 'password',
      value: '1234',
      reason: undefined,
      [Symbol(mongoose#validatorError)]: true
    }
  },
  _message: 'User validation failed'
}
Error stack: ValidationError: User validation failed: password: Path `password` (`1234`, length 4) is shorter than the minimum allowed length (6).      
    at Document.invalidate (D:\SIH\guidance-platform\backend\node_modules\mongoose\lib\document.js:3358:32)
    at D:\SIH\guidance-platform\backend\node_modules\mongoose\lib\document.js:3119:17
    at D:\SIH\guidance-platform\backend\node_modules\mongoose\lib\schemaType.js:1416:9
    at process.processTicksAndRejections (node:internal/process/task_queues:85:11)